
=== Training models on feature set: signature (86 features) ===
Random Forest...
Random Forest done.
LightGBM...
LightGBM done.
XGBoost...
XGBoost done.

=== Training models on feature set: functional (143 features) ===
Random Forest...
Random Forest done.
LightGBM...
LightGBM done.
XGBoost...
XGBoost done.

=== Training models on feature set: all (229 features) ===
Random Forest...
Random Forest done.
LightGBM...
LightGBM done.
XGBoost...
XGBoost done.

All baseline models trained and saved. Metrics saved to baseline_model_metrics.csv
