Reading: /mnt/820f42a7-6768-4c07-a318-b6345e4826df/zubei/rep_error_project/DAAI-Platform/bibm2026_project/logs/baseline_model_metrics.csv
Reading: /mnt/820f42a7-6768-4c07-a318-b6345e4826df/zubei/rep_error_project/DAAI-Platform/bibm2026_project/logs/MLP_LUAD_metrics.csv
Reading: /mnt/820f42a7-6768-4c07-a318-b6345e4826df/zubei/rep_error_project/DAAI-Platform/bibm2026_project/logs/ResMLP_LUAD_metrics.csv
Reading: /mnt/820f42a7-6768-4c07-a318-b6345e4826df/zubei/rep_error_project/DAAI-Platform/bibm2026_project/logs/QC_model_metrics.csv
Reading: /mnt/820f42a7-6768-4c07-a318-b6345e4826df/zubei/rep_error_project/DAAI-Platform/bibm2026_project/logs/MVF_ablation_metrics_rounded.csv
Reading: /mnt/820f42a7-6768-4c07-a318-b6345e4826df/zubei/rep_error_project/DAAI-Platform/bibm2026_project/logs/coad_gbm_cross_cancer_metrics_rounded.csv

FINAL COMBINED METRICS
                                task         model  ...   AUPRC      F1
0             LUAD driver prediction  RandomForest  ...  0.5014  0.5860
1             LUAD driver prediction      LightGBM  ...  0.5015  0.5860
2             LUAD driver prediction       XGBoost  ...  0.5015  0.5860
3             LUAD driver prediction  RandomForest  ...  0.9632  0.8859
4             LUAD driver prediction      LightGBM  ...  0.9609  0.9018
5             LUAD driver prediction       XGBoost  ...  0.9586  0.9010
6             LUAD driver prediction  RandomForest  ...  0.9592  0.8811
7             LUAD driver prediction      LightGBM  ...  0.9581  0.8983
8             LUAD driver prediction       XGBoost  ...  0.9561  0.8959
9             LUAD driver prediction           MLP  ...  0.9232  0.8434
10            LUAD driver prediction        ResMLP  ...  0.9420  0.8615
11       SeqQC confidence prediction  RandomForest  ...  0.6054  0.5094
12       SeqQC confidence prediction      LightGBM  ...  0.6177  0.5003
13       SeqQC confidence prediction       XGBoost  ...  0.6181  0.4951
14            LUAD driver prediction           MVF  ...  0.9294  0.8145
15            LUAD driver prediction           MVF  ...  0.5008  0.5881
16            LUAD driver prediction           MVF  ...  0.9225  0.8037
17       SeqQC confidence prediction        QC-MLP  ...  0.6239  0.3359
18  COAD/GBM cross-cancer validation  RandomForest  ...  0.1878  0.1274
19  COAD/GBM cross-cancer validation        ResMLP  ...  0.2661  0.2939
20  COAD/GBM cross-cancer validation  RandomForest  ...  0.2485  0.2454
21  COAD/GBM cross-cancer validation        ResMLP  ...  0.3770  0.3441

[22 rows x 6 columns]

Saved:
/mnt/820f42a7-6768-4c07-a318-b6345e4826df/zubei/rep_error_project/DAAI-Platform/bibm2026_project/logs/final_combined_metrics_rounded.csv
/mnt/820f42a7-6768-4c07-a318-b6345e4826df/zubei/rep_error_project/DAAI-Platform/bibm2026_project/logs/BIBM_final_metrics_clean_rounded.csv
Figures saved in: /mnt/820f42a7-6768-4c07-a318-b6345e4826df/zubei/rep_error_project/DAAI-Platform/bibm2026_project/figures
