Dataset shape: (1232949, 104)
Features: 92
Cancer counts:
cancer_type_clean
COAD    935120
GBM     297829
Name: count, dtype: int64
Label counts:
label
0    1047204
1     185745
Name: count, dtype: int64
Detected cancer groups: ['GBM', 'COAD']
Device: cuda
cross_GBM_to_COAD Epoch 01 | AUROC=0.6156807945133098 | AUPRC=0.25531227711758603 | F1=0.3123
cross_GBM_to_COAD Epoch 02 | AUROC=0.6134770928373627 | AUPRC=0.2634340270998411 | F1=0.3164
cross_GBM_to_COAD Epoch 03 | AUROC=0.5801082400910501 | AUPRC=0.24786845273292826 | F1=0.2886
cross_GBM_to_COAD Epoch 04 | AUROC=0.5941378341700635 | AUPRC=0.2661245293325048 | F1=0.2939
cross_GBM_to_COAD Epoch 05 | AUROC=0.5870925936619728 | AUPRC=0.24559924180329407 | F1=0.2820
cross_GBM_to_COAD Epoch 06 | AUROC=0.5763594266120476 | AUPRC=0.23235389244690025 | F1=0.2787
cross_GBM_to_COAD Epoch 07 | AUROC=0.5834124089262854 | AUPRC=0.24453670353436413 | F1=0.2835
cross_GBM_to_COAD Epoch 08 | AUROC=0.5857535798421946 | AUPRC=0.24934255282347817 | F1=0.2805
cross_GBM_to_COAD Epoch 09 | AUROC=0.5698432031358749 | AUPRC=0.2360620515854857 | F1=0.2638
cross_GBM_to_COAD Epoch 10 | AUROC=0.5518435626945493 | AUPRC=0.22130080736939603 | F1=0.2578
Early stopping
Device: cuda
cross_COAD_to_GBM Epoch 01 | AUROC=0.6823671028959745 | AUPRC=0.3770027369768922 | F1=0.3441
cross_COAD_to_GBM Epoch 02 | AUROC=0.6769214516910743 | AUPRC=0.3643302600319689 | F1=0.3408
cross_COAD_to_GBM Epoch 03 | AUROC=0.6778172495486712 | AUPRC=0.37590678426308155 | F1=0.3571
cross_COAD_to_GBM Epoch 04 | AUROC=0.6684380906764856 | AUPRC=0.3478811865676924 | F1=0.3452
cross_COAD_to_GBM Epoch 05 | AUROC=0.6753941121455327 | AUPRC=0.36485087940262806 | F1=0.3463
cross_COAD_to_GBM Epoch 06 | AUROC=0.6746379982783356 | AUPRC=0.3678064758270404 | F1=0.3520
cross_COAD_to_GBM Epoch 07 | AUROC=0.6693130447126204 | AUPRC=0.3647507823641026 | F1=0.3535
Early stopping
Saved:
/mnt/820f42a7-6768-4c07-a318-b6345e4826df/zubei/rep_error_project/DAAI-Platform/bibm2026_project/logs/coad_gbm_cross_cancer_metrics_rounded.csv
                               task         model  ...   AUPRC      F1
0  COAD/GBM cross-cancer validation  RandomForest  ...  0.1878  0.1274
1  COAD/GBM cross-cancer validation        ResMLP  ...  0.2661  0.2939
2  COAD/GBM cross-cancer validation  RandomForest  ...  0.2485  0.2454
3  COAD/GBM cross-cancer validation        ResMLP  ...  0.3770  0.3441

[4 rows x 6 columns]
