Final metrics:
                                task         model  ...   AUPRC      F1
0             LUAD driver prediction  RandomForest  ...  0.5014  0.5860
1             LUAD driver prediction      LightGBM  ...  0.5015  0.5860
2             LUAD driver prediction       XGBoost  ...  0.5015  0.5860
3             LUAD driver prediction  RandomForest  ...  0.9632  0.8859
4             LUAD driver prediction      LightGBM  ...  0.9609  0.9018
5             LUAD driver prediction       XGBoost  ...  0.9586  0.9010
6             LUAD driver prediction  RandomForest  ...  0.9592  0.8811
7             LUAD driver prediction      LightGBM  ...  0.9581  0.8983
8             LUAD driver prediction       XGBoost  ...  0.9561  0.8959
9             LUAD driver prediction           MLP  ...  0.9232  0.8434
10            LUAD driver prediction        ResMLP  ...  0.9420  0.8615
11       SeqQC confidence prediction  RandomForest  ...  0.6054  0.5094
12       SeqQC confidence prediction      LightGBM  ...  0.6177  0.5003
13       SeqQC confidence prediction       XGBoost  ...  0.6181  0.4951
14  COAD/GBM cross-cancer validation  RandomForest  ...  0.1878  0.1274
15  COAD/GBM cross-cancer validation        ResMLP  ...  0.2661  0.2939
16  COAD/GBM cross-cancer validation  RandomForest  ...  0.2485  0.2454
17  COAD/GBM cross-cancer validation        ResMLP  ...  0.3770  0.3441

[18 rows x 6 columns]
Saved:
/mnt/820f42a7-6768-4c07-a318-b6345e4826df/zubei/rep_error_project/DAAI-Platform/bibm2026_project/logs/BIBM_final_metrics_clean_rounded.csv
Figures saved: /mnt/820f42a7-6768-4c07-a318-b6345e4826df/zubei/rep_error_project/DAAI-Platform/bibm2026_project/figures
